Archive member included to satisfy reference by file (symbol)

c:/ac6/systemworkbench/plugins/fr.ac6.mcu.externaltools.arm-none.win32_1.15.0.201708311556/tools/compiler/bin/../lib/gcc/arm-none-eabi/6.3.1/thumb/v7e-m/fpv4-sp/hard\libgcc.a(_arm_addsubdf3.o)
                              Src/stm32f4xx_it.o (__aeabi_dadd)
c:/ac6/systemworkbench/plugins/fr.ac6.mcu.externaltools.arm-none.win32_1.15.0.201708311556/tools/compiler/bin/../lib/gcc/arm-none-eabi/6.3.1/thumb/v7e-m/fpv4-sp/hard\libgcc.a(_arm_muldivdf3.o)
                              Src/main.o (__aeabi_dmul)
c:/ac6/systemworkbench/plugins/fr.ac6.mcu.externaltools.arm-none.win32_1.15.0.201708311556/tools/compiler/bin/../lib/gcc/arm-none-eabi/6.3.1/../../../../arm-none-eabi/lib/thumb/v7e-m/fpv4-sp/hard\libc_nano.a(lib_a-exit.o)
                              c:/ac6/systemworkbench/plugins/fr.ac6.mcu.externaltools.arm-none.win32_1.15.0.201708311556/tools/compiler/bin/../lib/gcc/arm-none-eabi/6.3.1/../../../../arm-none-eabi/lib/thumb/v7e-m/fpv4-sp/hard/crt0.o (exit)
c:/ac6/systemworkbench/plugins/fr.ac6.mcu.externaltools.arm-none.win32_1.15.0.201708311556/tools/compiler/bin/../lib/gcc/arm-none-eabi/6.3.1/../../../../arm-none-eabi/lib/thumb/v7e-m/fpv4-sp/hard\libc_nano.a(lib_a-impure.o)
                              c:/ac6/systemworkbench/plugins/fr.ac6.mcu.externaltools.arm-none.win32_1.15.0.201708311556/tools/compiler/bin/../lib/gcc/arm-none-eabi/6.3.1/../../../../arm-none-eabi/lib/thumb/v7e-m/fpv4-sp/hard\libc_nano.a(lib_a-exit.o) (_global_impure_ptr)
c:/ac6/systemworkbench/plugins/fr.ac6.mcu.externaltools.arm-none.win32_1.15.0.201708311556/tools/compiler/bin/../lib/gcc/arm-none-eabi/6.3.1/../../../../arm-none-eabi/lib/thumb/v7e-m/fpv4-sp/hard\libc_nano.a(lib_a-init.o)
                              c:/ac6/systemworkbench/plugins/fr.ac6.mcu.externaltools.arm-none.win32_1.15.0.201708311556/tools/compiler/bin/../lib/gcc/arm-none-eabi/6.3.1/../../../../arm-none-eabi/lib/thumb/v7e-m/fpv4-sp/hard/crt0.o (__libc_init_array)
c:/ac6/systemworkbench/plugins/fr.ac6.mcu.externaltools.arm-none.win32_1.15.0.201708311556/tools/compiler/bin/../lib/gcc/arm-none-eabi/6.3.1/../../../../arm-none-eabi/lib/thumb/v7e-m/fpv4-sp/hard\libc_nano.a(lib_a-memcpy-stub.o)
                              Middlewares/Third_Party/FreeRTOS/Source/queue.o (memcpy)
c:/ac6/systemworkbench/plugins/fr.ac6.mcu.externaltools.arm-none.win32_1.15.0.201708311556/tools/compiler/bin/../lib/gcc/arm-none-eabi/6.3.1/../../../../arm-none-eabi/lib/thumb/v7e-m/fpv4-sp/hard\libc_nano.a(lib_a-memset.o)
                              c:/ac6/systemworkbench/plugins/fr.ac6.mcu.externaltools.arm-none.win32_1.15.0.201708311556/tools/compiler/bin/../lib/gcc/arm-none-eabi/6.3.1/../../../../arm-none-eabi/lib/thumb/v7e-m/fpv4-sp/hard/crt0.o (memset)
c:/ac6/systemworkbench/plugins/fr.ac6.mcu.externaltools.arm-none.win32_1.15.0.201708311556/tools/compiler/bin/../lib/gcc/arm-none-eabi/6.3.1/../../../../arm-none-eabi/lib/thumb/v7e-m/fpv4-sp/hard\libnosys.a(_exit.o)
                              c:/ac6/systemworkbench/plugins/fr.ac6.mcu.externaltools.arm-none.win32_1.15.0.201708311556/tools/compiler/bin/../lib/gcc/arm-none-eabi/6.3.1/../../../../arm-none-eabi/lib/thumb/v7e-m/fpv4-sp/hard\libc_nano.a(lib_a-exit.o) (_exit)

Allocating common symbols
Common symbol       size              file

defaultTaskHandle   0x4               Src/main.o
uwTick              0x4               Drivers/STM32F4xx_HAL_Driver/Src/stm32f4xx_hal.o
xQueueRegistry      0x40              Middlewares/Third_Party/FreeRTOS/Source/queue.o
pFlash              0x20              Drivers/STM32F4xx_HAL_Driver/Src/stm32f4xx_hal_flash.o
HITCOUNTER          0x8               Src/main.o
htim1               0x3c              Src/main.o
TXQueue             0x4               Src/main.o
speed               0x8               Src/main.o
htim2               0x3c              Src/stm32f4xx_hal_timebase_TIM.o
hcan1               0x44              Src/main.o

Discarded input sections

 .text          0x00000000        0x0 c:/ac6/systemworkbench/plugins/fr.ac6.mcu.externaltools.arm-none.win32_1.15.0.201708311556/tools/compiler/bin/../lib/gcc/arm-none-eabi/6.3.1/thumb/v7e-m/fpv4-sp/hard/crti.o
 .data          0x00000000        0x0 c:/ac6/systemworkbench/plugins/fr.ac6.mcu.externaltools.arm-none.win32_1.15.0.201708311556/tools/compiler/bin/../lib/gcc/arm-none-eabi/6.3.1/thumb/v7e-m/fpv4-sp/hard/crti.o
 .bss           0x00000000        0x0 c:/ac6/systemworkbench/plugins/fr.ac6.mcu.externaltools.arm-none.win32_1.15.0.201708311556/tools/compiler/bin/../lib/gcc/arm-none-eabi/6.3.1/thumb/v7e-m/fpv4-sp/hard/crti.o
 .data          0x00000000        0x4 c:/ac6/systemworkbench/plugins/fr.ac6.mcu.externaltools.arm-none.win32_1.15.0.201708311556/tools/compiler/bin/../lib/gcc/arm-none-eabi/6.3.1/thumb/v7e-m/fpv4-sp/hard/crtbegin.o
[...]
Memory Configuration

Name             Origin             Length             Attributes
RAM              0x20000000         0x00020000         xrw
CCMRAM           0x10000000         0x00010000         rw
FLASH            0x08000000         0x00100000         xr
*default*        0x00000000         0xffffffff

Linker script and memory map

LOAD c:/ac6/systemworkbench/plugins/fr.ac6.mcu.externaltools.arm-none.win32_1.15.0.201708311556/tools/compiler/bin/../lib/gcc/arm-none-eabi/6.3.1/thumb/v7e-m/fpv4-sp/hard/crti.o
LOAD c:/ac6/systemworkbench/plugins/fr.ac6.mcu.externaltools.arm-none.win32_1.15.0.201708311556/tools/compiler/bin/../lib/gcc/arm-none-eabi/6.3.1/thumb/v7e-m/fpv4-sp/hard/crtbegin.o
LOAD c:/ac6/systemworkbench/plugins/fr.ac6.mcu.externaltools.arm-none.win32_1.15.0.201708311556/tools/compiler/bin/../lib/gcc/arm-none-eabi/6.3.1/../../../../arm-none-eabi/lib/thumb/v7e-m/fpv4-sp/hard/crt0.o
LOAD Drivers/STM32F4xx_HAL_Driver/Src/stm32f4xx_hal.o
LOAD Drivers/STM32F4xx_HAL_Driver/Src/stm32f4xx_hal_can.o
LOAD Drivers/STM32F4xx_HAL_Driver/Src/stm32f4xx_hal_cortex.o
LOAD Drivers/STM32F4xx_HAL_Driver/Src/stm32f4xx_hal_dma.o
LOAD Drivers/STM32F4xx_HAL_Driver/Src/stm32f4xx_hal_dma_ex.o
LOAD Drivers/STM32F4xx_HAL_Driver/Src/stm32f4xx_hal_flash.o
LOAD Drivers/STM32F4xx_HAL_Driver/Src/stm32f4xx_hal_flash_ex.o
LOAD Drivers/STM32F4xx_HAL_Driver/Src/stm32f4xx_hal_flash_ramfunc.o
LOAD Drivers/STM32F4xx_HAL_Driver/Src/stm32f4xx_hal_gpio.o
LOAD Drivers/STM32F4xx_HAL_Driver/Src/stm32f4xx_hal_pwr.o
LOAD Drivers/STM32F4xx_HAL_Driver/Src/stm32f4xx_hal_pwr_ex.o
LOAD Drivers/STM32F4xx_HAL_Driver/Src/stm32f4xx_hal_rcc.o
LOAD Drivers/STM32F4xx_HAL_Driver/Src/stm32f4xx_hal_rcc_ex.o
LOAD Drivers/STM32F4xx_HAL_Driver/Src/stm32f4xx_hal_tim.o
LOAD Drivers/STM32F4xx_HAL_Driver/Src/stm32f4xx_hal_tim_ex.o
LOAD Middlewares/Third_Party/FreeRTOS/Source/CMSIS_RTOS/cmsis_os.o
LOAD Middlewares/Third_Party/FreeRTOS/Source/croutine.o
LOAD Middlewares/Third_Party/FreeRTOS/Source/event_groups.o
LOAD Middlewares/Third_Party/FreeRTOS/Source/list.o
LOAD Middlewares/Third_Party/FreeRTOS/Source/queue.o
LOAD Middlewares/Third_Party/FreeRTOS/Source/tasks.o
LOAD Middlewares/Third_Party/FreeRTOS/Source/timers.o
LOAD Middlewares/Third_Party/FreeRTOS/Source/portable/GCC/ARM_CM4F/port.o
LOAD Middlewares/Third_Party/FreeRTOS/Source/portable/MemMang/heap_4.o
LOAD Src/freertos.o
LOAD Src/main.o
LOAD Src/stm32f4xx_hal_msp.o
LOAD Src/stm32f4xx_hal_timebase_TIM.o
LOAD Src/stm32f4xx_it.o
LOAD Src/system_stm32f4xx.o
LOAD startup/startup_stm32f407xx.o
LOAD c:/ac6/systemworkbench/plugins/fr.ac6.mcu.externaltools.arm-none.win32_1.15.0.201708311556/tools/compiler/bin/../lib/gcc/arm-none-eabi/6.3.1/../../../../arm-none-eabi/lib/thumb/v7e-m/fpv4-sp/hard\libm.a
START GROUP
LOAD c:/ac6/systemworkbench/plugins/fr.ac6.mcu.externaltools.arm-none.win32_1.15.0.201708311556/tools/compiler/bin/../lib/gcc/arm-none-eabi/6.3.1/thumb/v7e-m/fpv4-sp/hard\libgcc.a
LOAD c:/ac6/systemworkbench/plugins/fr.ac6.mcu.externaltools.arm-none.win32_1.15.0.201708311556/tools/compiler/bin/../lib/gcc/arm-none-eabi/6.3.1/../../../../arm-none-eabi/lib/thumb/v7e-m/fpv4-sp/hard\libc_nano.a
END GROUP
START GROUP
LOAD c:/ac6/systemworkbench/plugins/fr.ac6.mcu.externaltools.arm-none.win32_1.15.0.201708311556/tools/compiler/bin/../lib/gcc/arm-none-eabi/6.3.1/thumb/v7e-m/fpv4-sp/hard\libgcc.a
LOAD c:/ac6/systemworkbench/plugins/fr.ac6.mcu.externaltools.arm-none.win32_1.15.0.201708311556/tools/compiler/bin/../lib/gcc/arm-none-eabi/6.3.1/../../../../arm-none-eabi/lib/thumb/v7e-m/fpv4-sp/hard\libc_nano.a
LOAD c:/ac6/systemworkbench/plugins/fr.ac6.mcu.externaltools.arm-none.win32_1.15.0.201708311556/tools/compiler/bin/../lib/gcc/arm-none-eabi/6.3.1/../../../../arm-none-eabi/lib/thumb/v7e-m/fpv4-sp/hard\libnosys.a
END GROUP
START GROUP
LOAD c:/ac6/systemworkbench/plugins/fr.ac6.mcu.externaltools.arm-none.win32_1.15.0.201708311556/tools/compiler/bin/../lib/gcc/arm-none-eabi/6.3.1/thumb/v7e-m/fpv4-sp/hard\libgcc.a
LOAD c:/ac6/systemworkbench/plugins/fr.ac6.mcu.externaltools.arm-none.win32_1.15.0.201708311556/tools/compiler/bin/../lib/gcc/arm-none-eabi/6.3.1/../../../../arm-none-eabi/lib/thumb/v7e-m/fpv4-sp/hard\libc_nano.a
LOAD c:/ac6/systemworkbench/plugins/fr.ac6.mcu.externaltools.arm-none.win32_1.15.0.201708311556/tools/compiler/bin/../lib/gcc/arm-none-eabi/6.3.1/../../../../arm-none-eabi/lib/thumb/v7e-m/fpv4-sp/hard\libnosys.a
END GROUP
LOAD c:/ac6/systemworkbench/plugins/fr.ac6.mcu.externaltools.arm-none.win32_1.15.0.201708311556/tools/compiler/bin/../lib/gcc/arm-none-eabi/6.3.1/thumb/v7e-m/fpv4-sp/hard/crtend.o
LOAD c:/ac6/systemworkbench/plugins/fr.ac6.mcu.externaltools.arm-none.win32_1.15.0.201708311556/tools/compiler/bin/../lib/gcc/arm-none-eabi/6.3.1/thumb/v7e-m/fpv4-sp/hard/crtn.o
                0x20020000                _estack = 0x20020000
                0x00000200                _Min_Heap_Size = 0x200
                0x00000400                _Min_Stack_Size = 0x400

.isr_vector     0x08000000      0x188
                0x08000000                . = ALIGN (0x4)
 *(.isr_vector)
 .isr_vector    0x08000000      0x188 startup/startup_stm32f407xx.o
                0x08000000                g_pfnVectors
                0x08000188                . = ALIGN (0x4)

.text           0x08000190     0x3c1c
                0x08000190                . = ALIGN (0x4)
 *(.text)
 .text          0x08000190       0x6c c:/ac6/systemworkbench/plugins/fr.ac6.mcu.externaltools.arm-none.win32_1.15.0.201708311556/tools/compiler/bin/../lib/gcc/arm-none-eabi/6.3.1/thumb/v7e-m/fpv4-sp/hard/crtbegin.o
 .text          0x080001fc      0x370 c:/ac6/systemworkbench/plugins/fr.ac6.mcu.externaltools.arm-none.win32_1.15.0.201708311556/tools/compiler/bin/../lib/gcc/arm-none-eabi/6.3.1/thumb/v7e-m/fpv4-sp/hard\libgcc.a(_arm_addsubdf3.o)
                0x080001fc                __aeabi_drsub
                0x08000204                __aeabi_dsub
                0x08000204                __subdf3
                0x08000208                __aeabi_dadd
                0x08000208                __adddf3
                0x08000480                __floatunsidf
                0x08000480                __aeabi_ui2d
                0x080004a0                __floatsidf
                0x080004a0                __aeabi_i2d
                0x080004c4                __aeabi_f2d
                0x080004c4                __extendsfdf2
                0x08000500                __floatundidf
                0x08000500                __aeabi_ul2d
                0x08000510                __floatdidf
                0x08000510                __aeabi_l2d
 .text          0x0800056c      0x424 c:/ac6/systemworkbench/plugins/fr.ac6.mcu.externaltools.arm-none.win32_1.15.0.201708311556/tools/compiler/bin/../lib/gcc/arm-none-eabi/6.3.1/thumb/v7e-m/fpv4-sp/hard\libgcc.a(_arm_muldivdf3.o)
                0x0800056c                __aeabi_dmul
                0x0800056c                __muldf3
                0x080007c0                __divdf3
                0x080007c0                __aeabi_ddiv
 *(.text*)
 .text.HAL_Init
                0x08000990       0x34 Drivers/STM32F4xx_HAL_Driver/Src/stm32f4xx_hal.o
                0x08000990                HAL_Init
 .text.HAL_IncTick
                0x080009c4       0x10 Drivers/STM32F4xx_HAL_Driver/Src/stm32f4xx_hal.o
                0x080009c4                HAL_IncTick
 .text.HAL_GetTick
                0x080009d4        0xc Drivers/STM32F4xx_HAL_Driver/Src/stm32f4xx_hal.o
                0x080009d4                HAL_GetTick
 .text.HAL_CAN_Init
                0x080009e0      0x180 Drivers/STM32F4xx_HAL_Driver/Src/stm32f4xx_hal_can.o
                0x080009e0                HAL_CAN_Init
 .text.HAL_CAN_Transmit_IT
                0x08000b60      0x15e Drivers/STM32F4xx_HAL_Driver/Src/stm32f4xx_hal_can.o
                0x08000b60                HAL_CAN_Transmit_IT
 .text.HAL_CAN_TxCpltCallback
                0x08000cbe        0x2 Drivers/STM32F4xx_HAL_Driver/Src/stm32f4xx_hal_can.o
                0x08000cbe                HAL_CAN_TxCpltCallback
 .text.CAN_Transmit_IT
                0x08000cc0       0x5a Drivers/STM32F4xx_HAL_Driver/Src/stm32f4xx_hal_can.o
 .text.HAL_CAN_RxCpltCallback
                0x08000d1a        0x2 Drivers/STM32F4xx_HAL_Driver/Src/stm32f4xx_hal_can.o
                0x08000d1a                HAL_CAN_RxCpltCallback
 .text.CAN_Receive_IT
                0x08000d1c      0x174 Drivers/STM32F4xx_HAL_Driver/Src/stm32f4xx_hal_can.o
 .text.HAL_CAN_ErrorCallback
                0x08000e90        0x2 Drivers/STM32F4xx_HAL_Driver/Src/stm32f4xx_hal_can.o
                0x08000e90                HAL_CAN_ErrorCallback
 *fill*         0x08000e92        0x2 
 .text.HAL_CAN_IRQHandler
                0x08000e94      0x1fc Drivers/STM32F4xx_HAL_Driver/Src/stm32f4xx_hal_can.o
                0x08000e94                HAL_CAN_IRQHandler
 .text.HAL_NVIC_SetPriorityGrouping
                0x08001090       0x24 Drivers/STM32F4xx_HAL_Driver/Src/stm32f4xx_hal_cortex.o
                0x08001090                HAL_NVIC_SetPriorityGrouping
 .text.HAL_NVIC_SetPriority
                0x080010b4       0x64 Drivers/STM32F4xx_HAL_Driver/Src/stm32f4xx_hal_cortex.o
                0x080010b4                HAL_NVIC_SetPriority
 .text.HAL_NVIC_EnableIRQ
                0x08001118       0x18 Drivers/STM32F4xx_HAL_Driver/Src/stm32f4xx_hal_cortex.o
                0x08001118                HAL_NVIC_EnableIRQ
 .text.HAL_SYSTICK_Config
                0x08001130       0x2c Drivers/STM32F4xx_HAL_Driver/Src/stm32f4xx_hal_cortex.o
                0x08001130                HAL_SYSTICK_Config
 .text.HAL_SYSTICK_CLKSourceConfig
                0x0800115c       0x20 Drivers/STM32F4xx_HAL_Driver/Src/stm32f4xx_hal_cortex.o
                0x0800115c                HAL_SYSTICK_CLKSourceConfig
 .text.HAL_GPIO_Init
                0x0800117c      0x1cc Drivers/STM32F4xx_HAL_Driver/Src/stm32f4xx_hal_gpio.o
                0x0800117c                HAL_GPIO_Init
 .text.HAL_GPIO_EXTI_Callback
                0x08001348        0x2 Drivers/STM32F4xx_HAL_Driver/Src/stm32f4xx_hal_gpio.o
                0x08001348                HAL_GPIO_EXTI_Callback
 *fill*         0x0800134a        0x2 
 .text.HAL_GPIO_EXTI_IRQHandler
                0x0800134c       0x1c Drivers/STM32F4xx_HAL_Driver/Src/stm32f4xx_hal_gpio.o
                0x0800134c                HAL_GPIO_EXTI_IRQHandler
 .text.HAL_RCC_OscConfig
                0x08001368      0x3b0 Drivers/STM32F4xx_HAL_Driver/Src/stm32f4xx_hal_rcc.o
                0x08001368                HAL_RCC_OscConfig
 .text.HAL_RCC_GetSysClockFreq
                0x08001718       0x94 Drivers/STM32F4xx_HAL_Driver/Src/stm32f4xx_hal_rcc.o
                0x08001718                HAL_RCC_GetSysClockFreq
 .text.HAL_RCC_ClockConfig
                0x080017ac      0x19c Drivers/STM32F4xx_HAL_Driver/Src/stm32f4xx_hal_rcc.o
                0x080017ac                HAL_RCC_ClockConfig
 .text.HAL_RCC_GetHCLKFreq
                0x08001948        0xc Drivers/STM32F4xx_HAL_Driver/Src/stm32f4xx_hal_rcc.o
                0x08001948                HAL_RCC_GetHCLKFreq
 .text.HAL_RCC_GetPCLK1Freq
                0x08001954       0x2c Drivers/STM32F4xx_HAL_Driver/Src/stm32f4xx_hal_rcc.o
                0x08001954                HAL_RCC_GetPCLK1Freq
 .text.HAL_RCC_GetClockConfig
                0x08001980       0x3c Drivers/STM32F4xx_HAL_Driver/Src/stm32f4xx_hal_rcc.o
                0x08001980                HAL_RCC_GetClockConfig
 .text.TIM_OC1_SetConfig
                0x080019bc       0x64 Drivers/STM32F4xx_HAL_Driver/Src/stm32f4xx_hal_tim.o
 .text.TIM_OC3_SetConfig
                0x08001a20       0x6c Drivers/STM32F4xx_HAL_Driver/Src/stm32f4xx_hal_tim.o
 .text.TIM_OC4_SetConfig
                0x08001a8c       0x5c Drivers/STM32F4xx_HAL_Driver/Src/stm32f4xx_hal_tim.o
 .text.TIM_TI1_ConfigInputStage
                0x08001ae8       0x26 Drivers/STM32F4xx_HAL_Driver/Src/stm32f4xx_hal_tim.o
 .text.TIM_TI2_ConfigInputStage
                0x08001b0e       0x28 Drivers/STM32F4xx_HAL_Driver/Src/stm32f4xx_hal_tim.o
 .text.TIM_ITRx_SetConfig
                0x08001b36       0x10 Drivers/STM32F4xx_HAL_Driver/Src/stm32f4xx_hal_tim.o
 .text.TIM_ETR_SetConfig
                0x08001b46       0x18 Drivers/STM32F4xx_HAL_Driver/Src/stm32f4xx_hal_tim.o
 .text.HAL_TIM_Base_Start_IT
                0x08001b5e       0x18 Drivers/STM32F4xx_HAL_Driver/Src/stm32f4xx_hal_tim.o
                0x08001b5e                HAL_TIM_Base_Start_IT
 .text.HAL_TIM_OC_MspInit
                0x08001b76        0x2 Drivers/STM32F4xx_HAL_Driver/Src/stm32f4xx_hal_tim.o
                0x08001b76                HAL_TIM_OC_MspInit
 .text.HAL_TIM_ConfigClockSource
                0x08001b78      0x108 Drivers/STM32F4xx_HAL_Driver/Src/stm32f4xx_hal_tim.o
                0x08001b78                HAL_TIM_ConfigClockSource
 .text.HAL_TIM_OC_DelayElapsedCallback
                0x08001c80        0x2 Drivers/STM32F4xx_HAL_Driver/Src/stm32f4xx_hal_tim.o
                0x08001c80                HAL_TIM_OC_DelayElapsedCallback
 .text.HAL_TIM_IC_CaptureCallback
                0x08001c82        0x2 Drivers/STM32F4xx_HAL_Driver/Src/stm32f4xx_hal_tim.o
                0x08001c82                HAL_TIM_IC_CaptureCallback
 .text.HAL_TIM_PWM_PulseFinishedCallback
                0x08001c84        0x2 Drivers/STM32F4xx_HAL_Driver/Src/stm32f4xx_hal_tim.o
                0x08001c84                HAL_TIM_PWM_PulseFinishedCallback
 .text.HAL_TIM_TriggerCallback
                0x08001c86        0x2 Drivers/STM32F4xx_HAL_Driver/Src/stm32f4xx_hal_tim.o
                0x08001c86                HAL_TIM_TriggerCallback
 .text.HAL_TIM_IRQHandler
                0x08001c88      0x17a Drivers/STM32F4xx_HAL_Driver/Src/stm32f4xx_hal_tim.o
                0x08001c88                HAL_TIM_IRQHandler
 *fill*         0x08001e02        0x2 
 .text.TIM_Base_SetConfig
                0x08001e04      0x11c Drivers/STM32F4xx_HAL_Driver/Src/stm32f4xx_hal_tim.o
                0x08001e04                TIM_Base_SetConfig
 .text.HAL_TIM_Base_Init
                0x08001f20       0x32 Drivers/STM32F4xx_HAL_Driver/Src/stm32f4xx_hal_tim.o
                0x08001f20                HAL_TIM_Base_Init
 .text.HAL_TIM_OC_Init
                0x08001f52       0x32 Drivers/STM32F4xx_HAL_Driver/Src/stm32f4xx_hal_tim.o
                0x08001f52                HAL_TIM_OC_Init
 .text.TIM_OC2_SetConfig
                0x08001f84       0x70 Drivers/STM32F4xx_HAL_Driver/Src/stm32f4xx_hal_tim.o
                0x08001f84                TIM_OC2_SetConfig
 .text.HAL_TIM_OC_ConfigChannel
                0x08001ff4       0x5e Drivers/STM32F4xx_HAL_Driver/Src/stm32f4xx_hal_tim.o
                0x08001ff4                HAL_TIM_OC_ConfigChannel
 .text.HAL_TIMEx_MasterConfigSynchronization
                0x08002052       0x52 Drivers/STM32F4xx_HAL_Driver/Src/stm32f4xx_hal_tim_ex.o
                0x08002052                HAL_TIMEx_MasterConfigSynchronization
 .text.HAL_TIMEx_ConfigBreakDeadTime
                0x080020a4       0x58 Drivers/STM32F4xx_HAL_Driver/Src/stm32f4xx_hal_tim_ex.o
                0x080020a4                HAL_TIMEx_ConfigBreakDeadTime
 .text.HAL_TIMEx_CommutationCallback
                0x080020fc        0x2 Drivers/STM32F4xx_HAL_Driver/Src/stm32f4xx_hal_tim_ex.o
                0x080020fc                HAL_TIMEx_CommutationCallback
 .text.HAL_TIMEx_BreakCallback
                0x080020fe        0x2 Drivers/STM32F4xx_HAL_Driver/Src/stm32f4xx_hal_tim_ex.o
                0x080020fe                HAL_TIMEx_BreakCallback
 .text.makeFreeRtosPriority
                0x08002100        0xc Middlewares/Third_Party/FreeRTOS/Source/CMSIS_RTOS/cmsis_os.o
 .text.osKernelStart
                0x0800210c        0xa Middlewares/Third_Party/FreeRTOS/Source/CMSIS_RTOS/cmsis_os.o
                0x0800210c                osKernelStart
 .text.osThreadCreate
                0x08002116       0x34 Middlewares/Third_Party/FreeRTOS/Source/CMSIS_RTOS/cmsis_os.o
                0x08002116                osThreadCreate
 .text.osDelay  0x0800214a       0x12 Middlewares/Third_Party/FreeRTOS/Source/CMSIS_RTOS/cmsis_os.o
                0x0800214a                osDelay
 .text.osSystickHandler
                0x0800215c       0x10 Middlewares/Third_Party/FreeRTOS/Source/CMSIS_RTOS/cmsis_os.o
                0x0800215c                osSystickHandler
 .text.vListInitialise
                0x0800216c       0x16 Middlewares/Third_Party/FreeRTOS/Source/list.o
                0x0800216c                vListInitialise
 .text.vListInitialiseItem
                0x08002182        0x6 Middlewares/Third_Party/FreeRTOS/Source/list.o
                0x08002182                vListInitialiseItem
 .text.vListInsertEnd
                0x08002188       0x18 Middlewares/Third_Party/FreeRTOS/Source/list.o
                0x08002188                vListInsertEnd
 .text.vListInsert
                0x080021a0       0x34 Middlewares/Third_Party/FreeRTOS/Source/list.o
                0x080021a0                vListInsert
 .text.uxListRemove
                0x080021d4       0x26 Middlewares/Third_Party/FreeRTOS/Source/list.o
                0x080021d4                uxListRemove
 .text.prvIsQueueFull
                0x080021fa       0x1e Middlewares/Third_Party/FreeRTOS/Source/queue.o
 .text.prvIsQueueEmpty
                0x08002218       0x1a Middlewares/Third_Party/FreeRTOS/Source/queue.o
 .text.prvCopyDataToQueue
                0x08002232       0x76 Middlewares/Third_Party/FreeRTOS/Source/queue.o
 .text.prvCopyDataFromQueue
                0x080022a8       0x24 Middlewares/Third_Party/FreeRTOS/Source/queue.o
 .text.prvUnlockQueue
                0x080022cc       0x6e Middlewares/Third_Party/FreeRTOS/Source/queue.o
 *fill*         0x0800233a        0x2 
 .text.xQueueGenericReset
                0x0800233c       0x80 Middlewares/Third_Party/FreeRTOS/Source/queue.o
                0x0800233c                xQueueGenericReset
 .text.prvInitialiseNewQueue
                0x080023bc       0x1c Middlewares/Third_Party/FreeRTOS/Source/queue.o
 .text.xQueueGenericCreate
                0x080023d8       0x48 Middlewares/Third_Party/FreeRTOS/Source/queue.o
                0x080023d8                xQueueGenericCreate
 .text.xQueueGenericSend
                0x08002420      0x188 Middlewares/Third_Party/FreeRTOS/Source/queue.o
                0x08002420                xQueueGenericSend
 .text.prvInitialiseMutex
                0x080025a8       0x18 Middlewares/Third_Party/FreeRTOS/Source/queue.o
 .text.xQueueCreateMutex
                0x080025c0       0x16 Middlewares/Third_Party/FreeRTOS/Source/queue.o
                0x080025c0                xQueueCreateMutex
 *fill*         0x080025d6        0x2 
 .text.xQueueGenericReceive
                0x080025d8      0x1b0 Middlewares/Third_Party/FreeRTOS/Source/queue.o
                0x080025d8                xQueueGenericReceive
 .text.prvResetNextTaskUnblockTime
                0x08002788       0x2c Middlewares/Third_Party/FreeRTOS/Source/tasks.o
 .text.prvDeleteTCB
                0x080027b4       0x12 Middlewares/Third_Party/FreeRTOS/Source/tasks.o
 .text.prvInitialiseNewTask
                0x080027c6       0x80 Middlewares/Third_Party/FreeRTOS/Source/tasks.o
 *fill*         0x08002846        0x2 
 .text.prvInitialiseTaskLists
                0x08002848       0x58 Middlewares/Third_Party/FreeRTOS/Source/tasks.o
 .text.prvAddNewTaskToReadyList
                0x080028a0       0xac Middlewares/Third_Party/FreeRTOS/Source/tasks.o
 .text.prvAddCurrentTaskToDelayedList
                0x0800294c       0x88 Middlewares/Third_Party/FreeRTOS/Source/tasks.o
 .text.xTaskCreate
                0x080029d4       0x62 Middlewares/Third_Party/FreeRTOS/Source/tasks.o
                0x080029d4                xTaskCreate
 *fill*         0x08002a36        0x2 
 .text.vTaskStartScheduler
                0x08002a38       0x74 Middlewares/Third_Party/FreeRTOS/Source/tasks.o
                0x08002a38                vTaskStartScheduler
 .text.vTaskSuspendAll
                0x08002aac       0x14 Middlewares/Third_Party/FreeRTOS/Source/tasks.o
                0x08002aac                vTaskSuspendAll
 .text.xTaskIncrementTick
                0x08002ac0      0x114 Middlewares/Third_Party/FreeRTOS/Source/tasks.o
                0x08002ac0                xTaskIncrementTick
 .text.xTaskResumeAll
                0x08002bd4       0xf4 Middlewares/Third_Party/FreeRTOS/Source/tasks.o
                0x08002bd4                xTaskResumeAll
 .text.vTaskDelay
                0x08002cc8       0x50 Middlewares/Third_Party/FreeRTOS/Source/tasks.o
                0x08002cc8                vTaskDelay
 .text.prvCheckTasksWaitingTermination
                0x08002d18       0x54 Middlewares/Third_Party/FreeRTOS/Source/tasks.o
 .text.prvIdleTask
                0x08002d6c       0x28 Middlewares/Third_Party/FreeRTOS/Source/tasks.o
 .text.vTaskSwitchContext
                0x08002d94       0x90 Middlewares/Third_Party/FreeRTOS/Source/tasks.o
                0x08002d94                vTaskSwitchContext
 .text.vTaskPlaceOnEventList
                0x08002e24       0x34 Middlewares/Third_Party/FreeRTOS/Source/tasks.o
                0x08002e24                vTaskPlaceOnEventList
 .text.xTaskRemoveFromEventList
                0x08002e58       0x84 Middlewares/Third_Party/FreeRTOS/Source/tasks.o
                0x08002e58                xTaskRemoveFromEventList
 .text.vTaskSetTimeOutState
                0x08002edc       0x28 Middlewares/Third_Party/FreeRTOS/Source/tasks.o
                0x08002edc                vTaskSetTimeOutState
 .text.xTaskCheckForTimeOut
                0x08002f04       0x80 Middlewares/Third_Party/FreeRTOS/Source/tasks.o
                0x08002f04                xTaskCheckForTimeOut
 .text.vTaskMissedYield
                0x08002f84       0x10 Middlewares/Third_Party/FreeRTOS/Source/tasks.o
                0x08002f84                vTaskMissedYield
 .text.xTaskGetSchedulerState
                0x08002f94       0x20 Middlewares/Third_Party/FreeRTOS/Source/tasks.o
                0x08002f94                xTaskGetSchedulerState
 .text.vTaskPriorityInherit
                0x08002fb4       0xb0 Middlewares/Third_Party/FreeRTOS/Source/tasks.o
                0x08002fb4                vTaskPriorityInherit
 .text.xTaskPriorityDisinherit
                0x08003064       0xb8 Middlewares/Third_Party/FreeRTOS/Source/tasks.o
                0x08003064                xTaskPriorityDisinherit
 .text.pvTaskIncrementMutexHeldCount
                0x0800311c       0x20 Middlewares/Third_Party/FreeRTOS/Source/tasks.o
                0x0800311c                pvTaskIncrementMutexHeldCount
 .text.prvTaskExitError
                0x0800313c       0x34 Middlewares/Third_Party/FreeRTOS/Source/portable/GCC/ARM_CM4F/port.o
 .text.prvPortStartFirstTask
                0x08003170       0x20 Middlewares/Third_Party/FreeRTOS/Source/portable/GCC/ARM_CM4F/port.o
 .text.vPortEnableVFP
                0x08003190       0x14 Middlewares/Third_Party/FreeRTOS/Source/portable/GCC/ARM_CM4F/port.o
 .text.pxPortInitialiseStack
                0x080031a4       0x2c Middlewares/Third_Party/FreeRTOS/Source/portable/GCC/ARM_CM4F/port.o
                0x080031a4                pxPortInitialiseStack
 .text.SVC_Handler
                0x080031d0       0x24 Middlewares/Third_Party/FreeRTOS/Source/portable/GCC/ARM_CM4F/port.o
                0x080031d0                SVC_Handler
 .text.vPortEnterCritical
                0x080031f4       0x44 Middlewares/Third_Party/FreeRTOS/Source/portable/GCC/ARM_CM4F/port.o
                0x080031f4                vPortEnterCritical
 .text.vPortExitCritical
                0x08003238       0x2c Middlewares/Third_Party/FreeRTOS/Source/portable/GCC/ARM_CM4F/port.o
                0x08003238                vPortExitCritical
 *fill*         0x08003264        0xc 
 .text.PendSV_Handler
                0x08003270       0x64 Middlewares/Third_Party/FreeRTOS/Source/portable/GCC/ARM_CM4F/port.o
                0x08003270                PendSV_Handler
 .text.xPortSysTickHandler
                0x080032d4       0x2c Middlewares/Third_Party/FreeRTOS/Source/portable/GCC/ARM_CM4F/port.o
                0x080032d4                xPortSysTickHandler
 .text.vPortSetupTimerInterrupt
                0x08003300       0x2c Middlewares/Third_Party/FreeRTOS/Source/portable/GCC/ARM_CM4F/port.o
                0x08003300                vPortSetupTimerInterrupt
 .text.xPortStartScheduler
                0x0800332c       0xe8 Middlewares/Third_Party/FreeRTOS/Source/portable/GCC/ARM_CM4F/port.o
                0x0800332c                xPortStartScheduler
 .text.prvHeapInit
                0x08003414       0x58 Middlewares/Third_Party/FreeRTOS/Source/portable/MemMang/heap_4.o
 .text.prvInsertBlockIntoFreeList
                0x0800346c       0x58 Middlewares/Third_Party/FreeRTOS/Source/portable/MemMang/heap_4.o
 .text.pvPortMalloc
                0x080034c4      0x10c Middlewares/Third_Party/FreeRTOS/Source/portable/MemMang/heap_4.o
                0x080034c4                pvPortMalloc
 .text.vPortFree
                0x080035d0       0x70 Middlewares/Third_Party/FreeRTOS/Source/portable/MemMang/heap_4.o
                0x080035d0                vPortFree
 .text.TXCANTask
                0x08003640       0x60 Src/main.o
                0x08003640                TXCANTask
 .text.my_task  0x080036a0       0x6c Src/main.o
                0x080036a0                my_task
 .text.MX_GPIO_Init
                0x0800370c       0x64 Src/main.o
 .text.StartDefaultTask
                0x08003770        0xa Src/main.o
                0x08003770                StartDefaultTask
 .text.HAL_TIM_PeriodElapsedCallback
                0x0800377a       0x12 Src/main.o
                0x0800377a                HAL_TIM_PeriodElapsedCallback
 .text._Error_Handler
                0x0800378c        0x2 Src/main.o
                0x0800378c                _Error_Handler
 *fill*         0x0800378e        0x2 
 .text.MX_CAN1_Init
                0x08003790       0x50 Src/main.o
 .text.MX_TIM1_Init
                0x080037e0       0xdc Src/main.o
 .text.SystemClock_Config
                0x080038bc       0xa8 Src/main.o
                0x080038bc                SystemClock_Config
 .text.main     0x08003964       0x98 Src/main.o
                0x08003964                main
 .text.HAL_MspInit
                0x080039fc       0x5e Src/stm32f4xx_hal_msp.o
                0x080039fc                HAL_MspInit
 *fill*         0x08003a5a        0x2 
 .text.HAL_CAN_MspInit
                0x08003a5c       0x80 Src/stm32f4xx_hal_msp.o
                0x08003a5c                HAL_CAN_MspInit
 .text.HAL_TIM_Base_MspInit
                0x08003adc       0x60 Src/stm32f4xx_hal_msp.o
                0x08003adc                HAL_TIM_Base_MspInit
 .text.HAL_TIM_MspPostInit
                0x08003b3c       0x38 Src/stm32f4xx_hal_msp.o
                0x08003b3c                HAL_TIM_MspPostInit
 .text.HAL_InitTick
                0x08003b74       0x78 Src/stm32f4xx_hal_timebase_TIM.o
                0x08003b74                HAL_InitTick
 .text.NMI_Handler
                0x08003bec        0x2 Src/stm32f4xx_it.o
                0x08003bec                NMI_Handler
 .text.HardFault_Handler
                0x08003bee        0x2 Src/stm32f4xx_it.o
                0x08003bee                HardFault_Handler
 .text.MemManage_Handler
                0x08003bf0        0x2 Src/stm32f4xx_it.o
                0x08003bf0                MemManage_Handler
 .text.BusFault_Handler
                0x08003bf2        0x2 Src/stm32f4xx_it.o
                0x08003bf2                BusFault_Handler
 .text.UsageFault_Handler
                0x08003bf4        0x2 Src/stm32f4xx_it.o
                0x08003bf4                UsageFault_Handler
 .text.DebugMon_Handler
                0x08003bf6        0x2 Src/stm32f4xx_it.o
                0x08003bf6                DebugMon_Handler
 .text.SysTick_Handler
                0x08003bf8        0x8 Src/stm32f4xx_it.o
                0x08003bf8                SysTick_Handler
 .text.EXTI1_IRQHandler
                0x08003c00       0x24 Src/stm32f4xx_it.o
                0x08003c00                EXTI1_IRQHandler
 .text.CAN1_TX_IRQHandler
                0x08003c24       0x10 Src/stm32f4xx_it.o
                0x08003c24                CAN1_TX_IRQHandler
 .text.CAN1_RX0_IRQHandler
                0x08003c34       0x10 Src/stm32f4xx_it.o
                0x08003c34                CAN1_RX0_IRQHandler
 .text.CAN1_RX1_IRQHandler
                0x08003c44       0x10 Src/stm32f4xx_it.o
                0x08003c44                CAN1_RX1_IRQHandler
 .text.TIM1_BRK_TIM9_IRQHandler
                0x08003c54       0x10 Src/stm32f4xx_it.o
                0x08003c54                TIM1_BRK_TIM9_IRQHandler
 .text.TIM1_UP_TIM10_IRQHandler
                0x08003c64       0x10 Src/stm32f4xx_it.o
                0x08003c64                TIM1_UP_TIM10_IRQHandler
 .text.TIM1_TRG_COM_TIM11_IRQHandler
                0x08003c74       0x10 Src/stm32f4xx_it.o
                0x08003c74                TIM1_TRG_COM_TIM11_IRQHandler
 .text.TIM2_IRQHandler
                0x08003c84       0x10 Src/stm32f4xx_it.o
                0x08003c84                TIM2_IRQHandler
 .text.SystemInit
                0x08003c94       0x4c Src/system_stm32f4xx.o
                0x08003c94                SystemInit
 .text.Reset_Handler
                0x08003ce0       0x50 startup/startup_stm32f407xx.o
                0x08003ce0                Reset_Handler
 .text.Default_Handler
                0x08003d30        0x2 startup/startup_stm32f407xx.o
                0x08003d30                RTC_Alarm_IRQHandler
                0x08003d30                HASH_RNG_IRQHandler
                0x08003d30                EXTI2_IRQHandler
                0x08003d30                TIM8_CC_IRQHandler
                0x08003d30                TIM1_CC_IRQHandler
                0x08003d30                DMA2_Stream5_IRQHandler
                0x08003d30                DMA1_Stream5_IRQHandler
                0x08003d30                PVD_IRQHandler
                0x08003d30                SDIO_IRQHandler
                0x08003d30                TAMP_STAMP_IRQHandler
                0x08003d30                CAN2_RX1_IRQHandler
                0x08003d30                EXTI3_IRQHandler
                0x08003d30                TIM8_TRG_COM_TIM14_IRQHandler
                0x08003d30                TIM8_UP_TIM13_IRQHandler
                0x08003d30                I2C3_ER_IRQHandler
                0x08003d30                EXTI0_IRQHandler
                0x08003d30                I2C2_EV_IRQHandler
                0x08003d30                DMA1_Stream2_IRQHandler
                0x08003d30                FPU_IRQHandler
                0x08003d30                OTG_HS_WKUP_IRQHandler
                0x08003d30                CAN2_SCE_IRQHandler
                0x08003d30                DMA2_Stream2_IRQHandler
                0x08003d30                SPI1_IRQHandler
                0x08003d30                TIM6_DAC_IRQHandler
                0x08003d30                DCMI_IRQHandler
                0x08003d30                CAN2_RX0_IRQHandler
                0x08003d30                DMA2_Stream3_IRQHandler
                0x08003d30                USART6_IRQHandler
                0x08003d30                USART3_IRQHandler
                0x08003d30                UART5_IRQHandler
                0x08003d30                DMA2_Stream0_IRQHandler
                0x08003d30                TIM4_IRQHandler
                0x08003d30                I2C1_EV_IRQHandler
                0x08003d30                DMA1_Stream6_IRQHandler
                0x08003d30                DMA1_Stream1_IRQHandler
                0x08003d30                UART4_IRQHandler
                0x08003d30                TIM3_IRQHandler
                0x08003d30                RCC_IRQHandler
                0x08003d30                TIM8_BRK_TIM12_IRQHandler
                0x08003d30                Default_Handler
                0x08003d30                EXTI15_10_IRQHandler
                0x08003d30                ADC_IRQHandler
                0x08003d30                DMA1_Stream7_IRQHandler
                0x08003d30                TIM7_IRQHandler
                0x08003d30                CAN2_TX_IRQHandler
                0x08003d30                TIM5_IRQHandler
                0x08003d30                DMA2_Stream7_IRQHandler
                0x08003d30                I2C3_EV_IRQHandler
                0x08003d30                EXTI9_5_IRQHandler
                0x08003d30                RTC_WKUP_IRQHandler
                0x08003d30                ETH_WKUP_IRQHandler
                0x08003d30                SPI2_IRQHandler
                0x08003d30                OTG_HS_EP1_IN_IRQHandler
                0x08003d30                DMA1_Stream0_IRQHandler
                0x08003d30                EXTI4_IRQHandler
                0x08003d30                FSMC_IRQHandler
                0x08003d30                ETH_IRQHandler
                0x08003d30                OTG_HS_EP1_OUT_IRQHandler
                0x08003d30                WWDG_IRQHandler
                0x08003d30                OTG_FS_WKUP_IRQHandler
                0x08003d30                OTG_HS_IRQHandler
                0x08003d30                USART2_IRQHandler
                0x08003d30                I2C2_ER_IRQHandler
                0x08003d30                DMA2_Stream1_IRQHandler
                0x08003d30                CAN1_SCE_IRQHandler
                0x08003d30                FLASH_IRQHandler
                0x08003d30                DMA2_Stream4_IRQHandler
                0x08003d30                USART1_IRQHandler
                0x08003d30                OTG_FS_IRQHandler
                0x08003d30                SPI3_IRQHandler
                0x08003d30                DMA1_Stream4_IRQHandler
                0x08003d30                I2C1_ER_IRQHandler
                0x08003d30                DMA2_Stream6_IRQHandler
                0x08003d30                DMA1_Stream3_IRQHandler
 *fill*         0x08003d32        0x2 
 .text.__libc_init_array
                0x08003d34       0x48 c:/ac6/systemworkbench/plugins/fr.ac6.mcu.externaltools.arm-none.win32_1.15.0.201708311556/tools/compiler/bin/../lib/gcc/arm-none-eabi/6.3.1/../../../../arm-none-eabi/lib/thumb/v7e-m/fpv4-sp/hard\libc_nano.a(lib_a-init.o)
                0x08003d34                __libc_init_array
 .text.memcpy   0x08003d7c       0x16 c:/ac6/systemworkbench/plugins/fr.ac6.mcu.externaltools.arm-none.win32_1.15.0.201708311556/tools/compiler/bin/../lib/gcc/arm-none-eabi/6.3.1/../../../../arm-none-eabi/lib/thumb/v7e-m/fpv4-sp/hard\libc_nano.a(lib_a-memcpy-stub.o)
                0x08003d7c                memcpy
 *(.glue_7)
 .glue_7        0x08003d92        0x0 linker stubs
 *(.glue_7t)
 .glue_7t       0x08003d92        0x0 linker stubs
 *(.eh_frame)
 *fill*         0x08003d92        0x2 
 .eh_frame      0x08003d94        0x0 c:/ac6/systemworkbench/plugins/fr.ac6.mcu.externaltools.arm-none.win32_1.15.0.201708311556/tools/compiler/bin/../lib/gcc/arm-none-eabi/6.3.1/thumb/v7e-m/fpv4-sp/hard/crtbegin.o
 *(.init)
 .init          0x08003d94        0x4 c:/ac6/systemworkbench/plugins/fr.ac6.mcu.externaltools.arm-none.win32_1.15.0.201708311556/tools/compiler/bin/../lib/gcc/arm-none-eabi/6.3.1/thumb/v7e-m/fpv4-sp/hard/crti.o
                0x08003d94                _init
 .init          0x08003d98        0x8 c:/ac6/systemworkbench/plugins/fr.ac6.mcu.externaltools.arm-none.win32_1.15.0.201708311556/tools/compiler/bin/../lib/gcc/arm-none-eabi/6.3.1/thumb/v7e-m/fpv4-sp/hard/crtn.o
 *(.fini)
 .fini          0x08003da0        0x4 c:/ac6/systemworkbench/plugins/fr.ac6.mcu.externaltools.arm-none.win32_1.15.0.201708311556/tools/compiler/bin/../lib/gcc/arm-none-eabi/6.3.1/thumb/v7e-m/fpv4-sp/hard/crti.o
                0x08003da0                _fini
 .fini          0x08003da4        0x8 c:/ac6/systemworkbench/plugins/fr.ac6.mcu.externaltools.arm-none.win32_1.15.0.201708311556/tools/compiler/bin/../lib/gcc/arm-none-eabi/6.3.1/thumb/v7e-m/fpv4-sp/hard/crtn.o
                0x08003dac                . = ALIGN (0x4)
                0x08003dac                _etext = .

.vfp11_veneer   0x08003dac        0x0
 .vfp11_veneer  0x08003dac        0x0 linker stubs

.v4_bx          0x08003dac        0x0
 .v4_bx         0x08003dac        0x0 linker stubs

.iplt           0x08003dac        0x0
 .iplt          0x08003dac        0x0 c:/ac6/systemworkbench/plugins/fr.ac6.mcu.externaltools.arm-none.win32_1.15.0.201708311556/tools/compiler/bin/../lib/gcc/arm-none-eabi/6.3.1/thumb/v7e-m/fpv4-sp/hard/crtbegin.o

.rodata         0x08003dac       0x64
                0x08003dac                . = ALIGN (0x4)
 *(.rodata)
 .rodata        0x08003dac       0x14 Src/main.o
 .rodata        0x08003dc0       0x18 Src/system_stm32f4xx.o
                0x08003dc0                AHBPrescTable
                0x08003dd0                APBPrescTable
 *(.rodata*)
 .rodata.str1.4
                0x08003dd8        0x5 Middlewares/Third_Party/FreeRTOS/Source/tasks.o
 *fill*         0x08003ddd        0x3 
 .rodata.str1.4
                0x08003de0       0x30 Src/main.o
                0x08003e10                . = ALIGN (0x4)

.rel.dyn        0x08003e10        0x0
 .rel.iplt      0x08003e10        0x0 c:/ac6/systemworkbench/plugins/fr.ac6.mcu.externaltools.arm-none.win32_1.15.0.201708311556/tools/compiler/bin/../lib/gcc/arm-none-eabi/6.3.1/thumb/v7e-m/fpv4-sp/hard/crtbegin.o

.ARM.extab
 *(.ARM.extab* .gnu.linkonce.armextab.*)

.ARM            0x08003e10        0x0
                0x08003e10                __exidx_start = .
 *(.ARM.exidx*)
                0x08003e10                __exidx_end = .

.preinit_array  0x08003e10        0x0
                0x08003e10                PROVIDE (__preinit_array_start, .)
 *(.preinit_array*)
                0x08003e10                PROVIDE (__preinit_array_end, .)

.init_array     0x08003e10        0x4
                0x08003e10                PROVIDE (__init_array_start, .)
 *(SORT(.init_array.*))
 *(.init_array*)
 .init_array    0x08003e10        0x4 c:/ac6/systemworkbench/plugins/fr.ac6.mcu.externaltools.arm-none.win32_1.15.0.201708311556/tools/compiler/bin/../lib/gcc/arm-none-eabi/6.3.1/thumb/v7e-m/fpv4-sp/hard/crtbegin.o
                0x08003e14                PROVIDE (__init_array_end, .)

.fini_array     0x08003e14        0x4
                [!provide]                PROVIDE (__fini_array_start, .)
 *(SORT(.fini_array.*))
 *(.fini_array*)
 .fini_array    0x08003e14        0x4 c:/ac6/systemworkbench/plugins/fr.ac6.mcu.externaltools.arm-none.win32_1.15.0.201708311556/tools/compiler/bin/../lib/gcc/arm-none-eabi/6.3.1/thumb/v7e-m/fpv4-sp/hard/crtbegin.o
                [!provide]                PROVIDE (__fini_array_end, .)
                0x08003e18                _sidata = LOADADDR (.data)

.data           0x20000000        0x8 load address 0x08003e18
                0x20000000                . = ALIGN (0x4)
                0x20000000                _sdata = .
 *(.data)
 .data          0x20000000        0x4 Middlewares/Third_Party/FreeRTOS/Source/portable/GCC/ARM_CM4F/port.o
 .data          0x20000004        0x4 Src/system_stm32f4xx.o
                0x20000004                SystemCoreClock
 *(.data*)
                0x20000008                . = ALIGN (0x4)
                0x20000008                _edata = .
                0x08003e20                _siccmram = LOADADDR (.ccmram)

.jcr            0x20000008        0x0 load address 0x08003e20
 .jcr           0x20000008        0x0 c:/ac6/systemworkbench/plugins/fr.ac6.mcu.externaltools.arm-none.win32_1.15.0.201708311556/tools/compiler/bin/../lib/gcc/arm-none-eabi/6.3.1/thumb/v7e-m/fpv4-sp/hard/crtbegin.o

.igot.plt       0x20000008        0x0 load address 0x08003e20
 .igot.plt      0x20000008        0x0 c:/ac6/systemworkbench/plugins/fr.ac6.mcu.externaltools.arm-none.win32_1.15.0.201708311556/tools/compiler/bin/../lib/gcc/arm-none-eabi/6.3.1/thumb/v7e-m/fpv4-sp/hard/crtbegin.o

.ccmram         0x10000000        0x0 load address 0x08003e20
                0x10000000                . = ALIGN (0x4)
                0x10000000                _sccmram = .
 *(.ccmram)
 *(.ccmram*)
                0x10000000                . = ALIGN (0x4)
                0x10000000                _eccmram = .
                0x10000000                . = ALIGN (0x4)

.bss            0x20000008     0x3e48
                0x20000008                _sbss = .
                0x20000008                __bss_start__ = _sbss
 *(.bss)
 .bss           0x20000008       0x1c c:/ac6/systemworkbench/plugins/fr.ac6.mcu.externaltools.arm-none.win32_1.15.0.201708311556/tools/compiler/bin/../lib/gcc/arm-none-eabi/6.3.1/thumb/v7e-m/fpv4-sp/hard/crtbegin.o
 .bss           0x20000024      0x12c Middlewares/Third_Party/FreeRTOS/Source/tasks.o
                0x20000124                pxCurrentTCB
 .bss           0x20000150        0x8 Middlewares/Third_Party/FreeRTOS/Source/portable/GCC/ARM_CM4F/port.o
 .bss           0x20000158     0x3c18 Middlewares/Third_Party/FreeRTOS/Source/portable/MemMang/heap_4.o
 .bss           0x20003d70        0x4 Src/main.o
                0x20003d70                gatekeeper
 *(.bss*)
 *(COMMON)
 COMMON         0x20003d74        0x4 Drivers/STM32F4xx_HAL_Driver/Src/stm32f4xx_hal.o
                0x20003d74                uwTick
 COMMON         0x20003d78       0x9c Src/main.o
                0x20003d78                defaultTaskHandle
                0x20003d80                HITCOUNTER
                0x20003d88                htim1
                0x20003dc4                TXQueue
                0x20003dc8                speed
                0x20003dd0                hcan1
 COMMON         0x20003e14       0x3c Src/stm32f4xx_hal_timebase_TIM.o
                0x20003e14                htim2
                0x20003e50                . = ALIGN (0x4)
                0x20003e50                _ebss = .
                0x20003e50                __bss_end__ = _ebss

._user_heap_stack
                0x20003e50      0x600
                0x20003e50                . = ALIGN (0x8)
                [!provide]                PROVIDE (end, .)
                [!provide]                PROVIDE (_end, .)
                0x20004050                . = (. + _Min_Heap_Size)
 *fill*         0x20003e50      0x200 
                0x20004450                . = (. + _Min_Stack_Size)
 *fill*         0x20004050      0x400 
                0x20004450                . = ALIGN (0x8)

/DISCARD/
 libc.a(*)
 libm.a(*)
 libgcc.a(*)

.ARM.attributes
                0x00000000       0x30
 *(.ARM.attributes)
 .ARM.attributes
                0x00000000       0x22 c:/ac6/systemworkbench/plugins/fr.ac6.mcu.externaltools.arm-none.win32_1.15.0.201708311556/tools/compiler/bin/../lib/gcc/arm-none-eabi/6.3.1/thumb/v7e-m/fpv4-sp/hard/crti.o
 .ARM.attributes
                0x00000022       0x34 c:/ac6/systemworkbench/plugins/fr.ac6.mcu.externaltools.arm-none.win32_1.15.0.201708311556/tools/compiler/bin/../lib/gcc/arm-none-eabi/6.3.1/thumb/v7e-m/fpv4-sp/hard/crtbegin.o
 .ARM.attributes
                0x00000056       0x39 Drivers/STM32F4xx_HAL_Driver/Src/stm32f4xx_hal.o
 .ARM.attributes
                0x0000008f       0x39 Drivers/STM32F4xx_HAL_Driver/Src/stm32f4xx_hal_can.o
 .ARM.attributes
                0x000000c8       0x39 Drivers/STM32F4xx_HAL_Driver/Src/stm32f4xx_hal_cortex.o
 .ARM.attributes
                0x00000101       0x39 Drivers/STM32F4xx_HAL_Driver/Src/stm32f4xx_hal_gpio.o
 .ARM.attributes
                0x0000013a       0x39 Drivers/STM32F4xx_HAL_Driver/Src/stm32f4xx_hal_rcc.o
 .ARM.attributes
                0x00000173       0x39 Drivers/STM32F4xx_HAL_Driver/Src/stm32f4xx_hal_tim.o
 .ARM.attributes
                0x000001ac       0x39 Drivers/STM32F4xx_HAL_Driver/Src/stm32f4xx_hal_tim_ex.o
 .ARM.attributes
                0x000001e5       0x39 Middlewares/Third_Party/FreeRTOS/Source/CMSIS_RTOS/cmsis_os.o
 .ARM.attributes
                0x0000021e       0x39 Middlewares/Third_Party/FreeRTOS/Source/list.o
 .ARM.attributes
                0x00000257       0x39 Middlewares/Third_Party/FreeRTOS/Source/queue.o
 .ARM.attributes
                0x00000290       0x39 Middlewares/Third_Party/FreeRTOS/Source/tasks.o
 .ARM.attributes
                0x000002c9       0x39 Middlewares/Third_Party/FreeRTOS/Source/portable/GCC/ARM_CM4F/port.o
 .ARM.attributes
                0x00000302       0x39 Middlewares/Third_Party/FreeRTOS/Source/portable/MemMang/heap_4.o
 .ARM.attributes
                0x0000033b       0x39 Src/main.o
 .ARM.attributes
                0x00000374       0x39 Src/stm32f4xx_hal_msp.o
 .ARM.attributes
                0x000003ad       0x39 Src/stm32f4xx_hal_timebase_TIM.o
 .ARM.attributes
                0x000003e6       0x39 Src/stm32f4xx_it.o
 .ARM.attributes
                0x0000041f       0x39 Src/system_stm32f4xx.o
 .ARM.attributes
                0x00000458       0x21 startup/startup_stm32f407xx.o
 .ARM.attributes
                0x00000479       0x22 c:/ac6/systemworkbench/plugins/fr.ac6.mcu.externaltools.arm-none.win32_1.15.0.201708311556/tools/compiler/bin/../lib/gcc/arm-none-eabi/6.3.1/thumb/v7e-m/fpv4-sp/hard\libgcc.a(_arm_addsubdf3.o)
 .ARM.attributes
                0x0000049b       0x22 c:/ac6/systemworkbench/plugins/fr.ac6.mcu.externaltools.arm-none.win32_1.15.0.201708311556/tools/compiler/bin/../lib/gcc/arm-none-eabi/6.3.1/thumb/v7e-m/fpv4-sp/hard\libgcc.a(_arm_muldivdf3.o)
 .ARM.attributes
                0x000004bd       0x34 c:/ac6/systemworkbench/plugins/fr.ac6.mcu.externaltools.arm-none.win32_1.15.0.201708311556/tools/compiler/bin/../lib/gcc/arm-none-eabi/6.3.1/../../../../arm-none-eabi/lib/thumb/v7e-m/fpv4-sp/hard\libc_nano.a(lib_a-init.o)
 .ARM.attributes
                0x000004f1       0x34 c:/ac6/systemworkbench/plugins/fr.ac6.mcu.externaltools.arm-none.win32_1.15.0.201708311556/tools/compiler/bin/../lib/gcc/arm-none-eabi/6.3.1/../../../../arm-none-eabi/lib/thumb/v7e-m/fpv4-sp/hard\libc_nano.a(lib_a-memcpy-stub.o)
 .ARM.attributes
                0x00000525       0x22 c:/ac6/systemworkbench/plugins/fr.ac6.mcu.externaltools.arm-none.win32_1.15.0.201708311556/tools/compiler/bin/../lib/gcc/arm-none-eabi/6.3.1/thumb/v7e-m/fpv4-sp/hard/crtn.o
OUTPUT(Wheel_Module.elf elf32-littlearm)

.debug_info     0x00000000    0x1b228
 .debug_info    0x00000000     0x119e Drivers/STM32F4xx_HAL_Driver/Src/stm32f4xx_hal.o
 .debug_info    0x0000119e     0x14a1 Drivers/STM32F4xx_HAL_Driver/Src/stm32f4xx_hal_can.o
 .debug_info    0x0000263f     0x175a Drivers/STM32F4xx_HAL_Driver/Src/stm32f4xx_hal_cortex.o
 .debug_info    0x00003d99      0xf97 Drivers/STM32F4xx_HAL_Driver/Src/stm32f4xx_hal_gpio.o
 .debug_info    0x00004d30     0x1500 Drivers/STM32F4xx_HAL_Driver/Src/stm32f4xx_hal_rcc.o
 .debug_info    0x00006230     0x3685 Drivers/STM32F4xx_HAL_Driver/Src/stm32f4xx_hal_tim.o
 .debug_info    0x000098b5     0x1b26 Drivers/STM32F4xx_HAL_Driver/Src/stm32f4xx_hal_tim_ex.o
 .debug_info    0x0000b3db     0x2321 Middlewares/Third_Party/FreeRTOS/Source/CMSIS_RTOS/cmsis_os.o
 .debug_info    0x0000d6fc      0xad4 Middlewares/Third_Party/FreeRTOS/Source/list.o
 .debug_info    0x0000e1d0     0x1f96 Middlewares/Third_Party/FreeRTOS/Source/queue.o
 .debug_info    0x00010166     0x2922 Middlewares/Third_Party/FreeRTOS/Source/tasks.o
 .debug_info    0x00012a88      0x534 Middlewares/Third_Party/FreeRTOS/Source/portable/GCC/ARM_CM4F/port.o
 .debug_info    0x00012fbc      0xc78 Middlewares/Third_Party/FreeRTOS/Source/portable/MemMang/heap_4.o
 .debug_info    0x00013c34     0x2400 Src/main.o
 .debug_info    0x00016034     0x1bbe Src/stm32f4xx_hal_msp.o
 .debug_info    0x00017bf2     0x13d3 Src/stm32f4xx_hal_timebase_TIM.o
 .debug_info    0x00018fc5     0x14b5 Src/stm32f4xx_it.o
 .debug_info    0x0001a47a      0xd30 Src/system_stm32f4xx.o
 .debug_info    0x0001b1aa       0x7e startup/startup_stm32f407xx.o

.debug_abbrev   0x00000000     0x3544
 .debug_abbrev  0x00000000      0x347 Drivers/STM32F4xx_HAL_Driver/Src/stm32f4xx_hal.o
 .debug_abbrev  0x00000347      0x2eb Drivers/STM32F4xx_HAL_Driver/Src/stm32f4xx_hal_can.o
 .debug_abbrev  0x00000632      0x3d4 Drivers/STM32F4xx_HAL_Driver/Src/stm32f4xx_hal_cortex.o
 .debug_abbrev  0x00000a06      0x2a5 Drivers/STM32F4xx_HAL_Driver/Src/stm32f4xx_hal_gpio.o
 .debug_abbrev  0x00000cab      0x370 Drivers/STM32F4xx_HAL_Driver/Src/stm32f4xx_hal_rcc.o
 .debug_abbrev  0x0000101b      0x2dc Drivers/STM32F4xx_HAL_Driver/Src/stm32f4xx_hal_tim.o
 .debug_abbrev  0x000012f7      0x2dc Drivers/STM32F4xx_HAL_Driver/Src/stm32f4xx_hal_tim_ex.o
 .debug_abbrev  0x000015d3      0x3d0 Middlewares/Third_Party/FreeRTOS/Source/CMSIS_RTOS/cmsis_os.o
 .debug_abbrev  0x000019a3      0x21c Middlewares/Third_Party/FreeRTOS/Source/list.o
 .debug_abbrev  0x00001bbf      0x37f Middlewares/Third_Party/FreeRTOS/Source/queue.o
 .debug_abbrev  0x00001f3e      0x3cd Middlewares/Third_Party/FreeRTOS/Source/tasks.o
 .debug_abbrev  0x0000230b      0x205 Middlewares/Third_Party/FreeRTOS/Source/portable/GCC/ARM_CM4F/port.o
 .debug_abbrev  0x00002510      0x318 Middlewares/Third_Party/FreeRTOS/Source/portable/MemMang/heap_4.o
 .debug_abbrev  0x00002828      0x36f Src/main.o
 .debug_abbrev  0x00002b97      0x27d Src/stm32f4xx_hal_msp.o
 .debug_abbrev  0x00002e14      0x295 Src/stm32f4xx_hal_timebase_TIM.o
 .debug_abbrev  0x000030a9      0x284 Src/stm32f4xx_it.o
 .debug_abbrev  0x0000332d      0x205 Src/system_stm32f4xx.o
 .debug_abbrev  0x00003532       0x12 startup/startup_stm32f407xx.o

.debug_loc      0x00000000     0x99c0
 .debug_loc     0x00000000       0x91 Drivers/STM32F4xx_HAL_Driver/Src/stm32f4xx_hal.o
 .debug_loc     0x00000091      0xcbe Drivers/STM32F4xx_HAL_Driver/Src/stm32f4xx_hal_can.o
 .debug_loc     0x00000d4f      0x5ce Drivers/STM32F4xx_HAL_Driver/Src/stm32f4xx_hal_cortex.o
 .debug_loc     0x0000131d      0x3fd Drivers/STM32F4xx_HAL_Driver/Src/stm32f4xx_hal_gpio.o
 .debug_loc     0x0000171a      0x53b Drivers/STM32F4xx_HAL_Driver/Src/stm32f4xx_hal_rcc.o
 .debug_loc     0x00001c55     0x34bc Drivers/STM32F4xx_HAL_Driver/Src/stm32f4xx_hal_tim.o
 .debug_loc     0x00005111      0xe78 Drivers/STM32F4xx_HAL_Driver/Src/stm32f4xx_hal_tim_ex.o
 .debug_loc     0x00005f89      0xfe2 Middlewares/Third_Party/FreeRTOS/Source/CMSIS_RTOS/cmsis_os.o
 .debug_loc     0x00006f6b       0x70 Middlewares/Third_Party/FreeRTOS/Source/list.o
 .debug_loc     0x00006fdb      0xe4e Middlewares/Third_Party/FreeRTOS/Source/queue.o
 .debug_loc     0x00007e29     0x14e6 Middlewares/Third_Party/FreeRTOS/Source/tasks.o
 .debug_loc     0x0000930f      0x104 Middlewares/Third_Party/FreeRTOS/Source/portable/GCC/ARM_CM4F/port.o
 .debug_loc     0x00009413      0x291 Middlewares/Third_Party/FreeRTOS/Source/portable/MemMang/heap_4.o
 .debug_loc     0x000096a4       0x9d Src/main.o
 .debug_loc     0x00009741       0xd7 Src/stm32f4xx_hal_msp.o
 .debug_loc     0x00009818       0x6a Src/stm32f4xx_hal_timebase_TIM.o
 .debug_loc     0x00009882      0x13e Src/system_stm32f4xx.o

.debug_aranges  0x00000000      0xec0
 .debug_aranges
                0x00000000       0xc8 Drivers/STM32F4xx_HAL_Driver/Src/stm32f4xx_hal.o
 .debug_aranges
                0x000000c8       0xb0 Drivers/STM32F4xx_HAL_Driver/Src/stm32f4xx_hal_can.o
 .debug_aranges
                0x00000178       0xa8 Drivers/STM32F4xx_HAL_Driver/Src/stm32f4xx_hal_cortex.o
 .debug_aranges
                0x00000220       0x58 Drivers/STM32F4xx_HAL_Driver/Src/stm32f4xx_hal_gpio.o
 .debug_aranges
                0x00000278       0x88 Drivers/STM32F4xx_HAL_Driver/Src/stm32f4xx_hal_rcc.o
 .debug_aranges
                0x00000300      0x368 Drivers/STM32F4xx_HAL_Driver/Src/stm32f4xx_hal_tim.o
 .debug_aranges
                0x00000668      0x140 Drivers/STM32F4xx_HAL_Driver/Src/stm32f4xx_hal_tim_ex.o
 .debug_aranges
                0x000007a8      0x1d8 Middlewares/Third_Party/FreeRTOS/Source/CMSIS_RTOS/cmsis_os.o
 .debug_aranges
                0x00000980       0x40 Middlewares/Third_Party/FreeRTOS/Source/list.o
 .debug_aranges
                0x000009c0       0xe0 Middlewares/Third_Party/FreeRTOS/Source/queue.o
 .debug_aranges
                0x00000aa0      0x190 Middlewares/Third_Party/FreeRTOS/Source/tasks.o
 .debug_aranges
                0x00000c30       0x80 Middlewares/Third_Party/FreeRTOS/Source/portable/GCC/ARM_CM4F/port.o
 .debug_aranges
                0x00000cb0       0x50 Middlewares/Third_Party/FreeRTOS/Source/portable/MemMang/heap_4.o
 .debug_aranges
                0x00000d00       0x68 Src/main.o
 .debug_aranges
                0x00000d68       0x48 Src/stm32f4xx_hal_msp.o
 .debug_aranges
                0x00000db0       0x30 Src/stm32f4xx_hal_timebase_TIM.o
 .debug_aranges
                0x00000de0       0x90 Src/stm32f4xx_it.o
 .debug_aranges
                0x00000e70       0x28 Src/system_stm32f4xx.o
 .debug_aranges
                0x00000e98       0x28 startup/startup_stm32f407xx.o

.debug_ranges   0x00000000      0xf48
 .debug_ranges  0x00000000       0xb8 Drivers/STM32F4xx_HAL_Driver/Src/stm32f4xx_hal.o
 .debug_ranges  0x000000b8       0xa0 Drivers/STM32F4xx_HAL_Driver/Src/stm32f4xx_hal_can.o
 .debug_ranges  0x00000158       0xf8 Drivers/STM32F4xx_HAL_Driver/Src/stm32f4xx_hal_cortex.o
 .debug_ranges  0x00000250       0x48 Drivers/STM32F4xx_HAL_Driver/Src/stm32f4xx_hal_gpio.o
 .debug_ranges  0x00000298       0x78 Drivers/STM32F4xx_HAL_Driver/Src/stm32f4xx_hal_rcc.o
 .debug_ranges  0x00000310      0x358 Drivers/STM32F4xx_HAL_Driver/Src/stm32f4xx_hal_tim.o
 .debug_ranges  0x00000668      0x130 Drivers/STM32F4xx_HAL_Driver/Src/stm32f4xx_hal_tim_ex.o
 .debug_ranges  0x00000798      0x1c8 Middlewares/Third_Party/FreeRTOS/Source/CMSIS_RTOS/cmsis_os.o
 .debug_ranges  0x00000960       0x30 Middlewares/Third_Party/FreeRTOS/Source/list.o
 .debug_ranges  0x00000990      0x180 Middlewares/Third_Party/FreeRTOS/Source/queue.o
 .debug_ranges  0x00000b10      0x208 Middlewares/Third_Party/FreeRTOS/Source/tasks.o
 .debug_ranges  0x00000d18       0x88 Middlewares/Third_Party/FreeRTOS/Source/portable/GCC/ARM_CM4F/port.o
 .debug_ranges  0x00000da0       0x40 Middlewares/Third_Party/FreeRTOS/Source/portable/MemMang/heap_4.o
 .debug_ranges  0x00000de0       0x58 Src/main.o
 .debug_ranges  0x00000e38       0x38 Src/stm32f4xx_hal_msp.o
 .debug_ranges  0x00000e70       0x20 Src/stm32f4xx_hal_timebase_TIM.o
 .debug_ranges  0x00000e90       0x80 Src/stm32f4xx_it.o
 .debug_ranges  0x00000f10       0x18 Src/system_stm32f4xx.o
 .debug_ranges  0x00000f28       0x20 startup/startup_stm32f407xx.o

.debug_macro    0x00000000    0x22d97
 .debug_macro   0x00000000      0x379 Drivers/STM32F4xx_HAL_Driver/Src/stm32f4xx_hal.o
 .debug_macro   0x00000379      0x8bc Drivers/STM32F4xx_HAL_Driver/Src/stm32f4xx_hal.o
 .debug_macro   0x00000c35       0x2e Drivers/STM32F4xx_HAL_Driver/Src/stm32f4xx_hal.o
 .debug_macro   0x00000c63      0x180 Drivers/STM32F4xx_HAL_Driver/Src/stm32f4xx_hal.o
 .debug_macro   0x00000de3       0x33 Drivers/STM32F4xx_HAL_Driver/Src/stm32f4xx_hal.o
 .debug_macro   0x00000e16       0x28 Drivers/STM32F4xx_HAL_Driver/Src/stm32f4xx_hal.o
 .debug_macro   0x00000e3e       0x22 Drivers/STM32F4xx_HAL_Driver/Src/stm32f4xx_hal.o
 .debug_macro   0x00000e60       0x87 Drivers/STM32F4xx_HAL_Driver/Src/stm32f4xx_hal.o
 .debug_macro   0x00000ee7       0x51 Drivers/STM32F4xx_HAL_Driver/Src/stm32f4xx_hal.o
 .debug_macro   0x00000f38       0xef Drivers/STM32F4xx_HAL_Driver/Src/stm32f4xx_hal.o
 .debug_macro   0x00001027       0x6a Drivers/STM32F4xx_HAL_Driver/Src/stm32f4xx_hal.o
 .debug_macro   0x00001091      0x1df Drivers/STM32F4xx_HAL_Driver/Src/stm32f4xx_hal.o
 .debug_macro   0x00001270       0x35 Drivers/STM32F4xx_HAL_Driver/Src/stm32f4xx_hal.o
 .debug_macro   0x000012a5       0x50 Drivers/STM32F4xx_HAL_Driver/Src/stm32f4xx_hal.o
 .debug_macro   0x000012f5      0xe66 Drivers/STM32F4xx_HAL_Driver/Src/stm32f4xx_hal.o
 .debug_macro   0x0000215b    0x15e04 Drivers/STM32F4xx_HAL_Driver/Src/stm32f4xx_hal.o
 .debug_macro   0x00017f5f       0x43 Drivers/STM32F4xx_HAL_Driver/Src/stm32f4xx_hal.o
 .debug_macro   0x00017fa2     0x3574 Drivers/STM32F4xx_HAL_Driver/Src/stm32f4xx_hal.o
 .debug_macro   0x0001b516       0x58 Drivers/STM32F4xx_HAL_Driver/Src/stm32f4xx_hal.o
 .debug_macro   0x0001b56e       0x35 Drivers/STM32F4xx_HAL_Driver/Src/stm32f4xx_hal.o
 .debug_macro   0x0001b5a3       0x9c Drivers/STM32F4xx_HAL_Driver/Src/stm32f4xx_hal.o
 .debug_macro   0x0001b63f       0x16 Drivers/STM32F4xx_HAL_Driver/Src/stm32f4xx_hal.o
 .debug_macro   0x0001b655       0x97 Drivers/STM32F4xx_HAL_Driver/Src/stm32f4xx_hal.o
 .debug_macro   0x0001b6ec      0x330 Drivers/STM32F4xx_HAL_Driver/Src/stm32f4xx_hal.o
 .debug_macro   0x0001ba1c       0xfd Drivers/STM32F4xx_HAL_Driver/Src/stm32f4xx_hal.o
 .debug_macro   0x0001bb19       0x10 Drivers/STM32F4xx_HAL_Driver/Src/stm32f4xx_hal.o
 .debug_macro   0x0001bb29       0x58 Drivers/STM32F4xx_HAL_Driver/Src/stm32f4xx_hal.o
 .debug_macro   0x0001bb81       0x1f Drivers/STM32F4xx_HAL_Driver/Src/stm32f4xx_hal.o
 .debug_macro   0x0001bba0       0x43 Drivers/STM32F4xx_HAL_Driver/Src/stm32f4xx_hal.o
 .debug_macro   0x0001bbe3       0x20 Drivers/STM32F4xx_HAL_Driver/Src/stm32f4xx_hal.o
 .debug_macro   0x0001bc03      0x187 Drivers/STM32F4xx_HAL_Driver/Src/stm32f4xx_hal.o
 .debug_macro   0x0001bd8a       0x10 Drivers/STM32F4xx_HAL_Driver/Src/stm32f4xx_hal.o
 .debug_macro   0x0001bd9a       0x1c Drivers/STM32F4xx_HAL_Driver/Src/stm32f4xx_hal.o
 .debug_macro   0x0001bdb6       0x52 Drivers/STM32F4xx_HAL_Driver/Src/stm32f4xx_hal.o
 .debug_macro   0x0001be08       0x40 Drivers/STM32F4xx_HAL_Driver/Src/stm32f4xx_hal.o
 .debug_macro   0x0001be48       0x10 Drivers/STM32F4xx_HAL_Driver/Src/stm32f4xx_hal.o
 .debug_macro   0x0001be58       0x40 Drivers/STM32F4xx_HAL_Driver/Src/stm32f4xx_hal.o
 .debug_macro   0x0001be98       0xd7 Drivers/STM32F4xx_HAL_Driver/Src/stm32f4xx_hal.o
 .debug_macro   0x0001bf6f       0x16 Drivers/STM32F4xx_HAL_Driver/Src/stm32f4xx_hal.o
 .debug_macro   0x0001bf85      0x18b Drivers/STM32F4xx_HAL_Driver/Src/stm32f4xx_hal.o
 .debug_macro   0x0001c110       0x50 Drivers/STM32F4xx_HAL_Driver/Src/stm32f4xx_hal.o
 .debug_macro   0x0001c160      0x96b Drivers/STM32F4xx_HAL_Driver/Src/stm32f4xx_hal.o
 .debug_macro   0x0001cacb      0x9e1 Drivers/STM32F4xx_HAL_Driver/Src/stm32f4xx_hal.o
 .debug_macro   0x0001d4ac      0x11e Drivers/STM32F4xx_HAL_Driver/Src/stm32f4xx_hal.o
 .debug_macro   0x0001d5ca      0x13e Drivers/STM32F4xx_HAL_Driver/Src/stm32f4xx_hal.o
 .debug_macro   0x0001d708       0x27 Drivers/STM32F4xx_HAL_Driver/Src/stm32f4xx_hal.o
 .debug_macro   0x0001d72f      0x287 Drivers/STM32F4xx_HAL_Driver/Src/stm32f4xx_hal.o
 .debug_macro   0x0001d9b6       0x5f Drivers/STM32F4xx_HAL_Driver/Src/stm32f4xx_hal.o
 .debug_macro   0x0001da15      0x23a Drivers/STM32F4xx_HAL_Driver/Src/stm32f4xx_hal.o
 .debug_macro   0x0001dc4f      0x383 Drivers/STM32F4xx_HAL_Driver/Src/stm32f4xx_hal.o
 .debug_macro   0x0001dfd2      0x133 Drivers/STM32F4xx_HAL_Driver/Src/stm32f4xx_hal.o
 .debug_macro   0x0001e105      0x21e Drivers/STM32F4xx_HAL_Driver/Src/stm32f4xx_hal.o
 .debug_macro   0x0001e323       0x2e Drivers/STM32F4xx_HAL_Driver/Src/stm32f4xx_hal.o
 .debug_macro   0x0001e351      0x11e Drivers/STM32F4xx_HAL_Driver/Src/stm32f4xx_hal.o
 .debug_macro   0x0001e46f       0x7f Drivers/STM32F4xx_HAL_Driver/Src/stm32f4xx_hal.o
 .debug_macro   0x0001e4ee       0x89 Drivers/STM32F4xx_HAL_Driver/Src/stm32f4xx_hal.o
 .debug_macro   0x0001e577      0x6e0 Drivers/STM32F4xx_HAL_Driver/Src/stm32f4xx_hal.o
 .debug_macro   0x0001ec57       0x5b Drivers/STM32F4xx_HAL_Driver/Src/stm32f4xx_hal.o
 .debug_macro   0x0001ecb2      0x14d Drivers/STM32F4xx_HAL_Driver/Src/stm32f4xx_hal.o
 .debug_macro   0x0001edff      0x125 Drivers/STM32F4xx_HAL_Driver/Src/stm32f4xx_hal.o
 .debug_macro   0x0001ef24      0x320 Drivers/STM32F4xx_HAL_Driver/Src/stm32f4xx_hal_can.o
 .debug_macro   0x0001f244      0x319 Drivers/STM32F4xx_HAL_Driver/Src/stm32f4xx_hal_cortex.o
 .debug_macro   0x0001f55d      0x351 Drivers/STM32F4xx_HAL_Driver/Src/stm32f4xx_hal_gpio.o
 .debug_macro   0x0001f8ae      0x343 Drivers/STM32F4xx_HAL_Driver/Src/stm32f4xx_hal_rcc.o
 .debug_macro   0x0001fbf1      0x31a Drivers/STM32F4xx_HAL_Driver/Src/stm32f4xx_hal_tim.o
 .debug_macro   0x0001ff0b      0x319 Drivers/STM32F4xx_HAL_Driver/Src/stm32f4xx_hal_tim_ex.o
 .debug_macro   0x00020224      0x1f3 Middlewares/Third_Party/FreeRTOS/Source/CMSIS_RTOS/cmsis_os.o
 .debug_macro   0x00020417       0x52 Middlewares/Third_Party/FreeRTOS/Source/CMSIS_RTOS/cmsis_os.o
 .debug_macro   0x00020469       0x8d Middlewares/Third_Party/FreeRTOS/Source/CMSIS_RTOS/cmsis_os.o
 .debug_macro   0x000204f6      0x174 Middlewares/Third_Party/FreeRTOS/Source/CMSIS_RTOS/cmsis_os.o
 .debug_macro   0x0002066a       0x57 Middlewares/Third_Party/FreeRTOS/Source/CMSIS_RTOS/cmsis_os.o
 .debug_macro   0x000206c1       0x10 Middlewares/Third_Party/FreeRTOS/Source/CMSIS_RTOS/cmsis_os.o
 .debug_macro   0x000206d1       0x35 Middlewares/Third_Party/FreeRTOS/Source/CMSIS_RTOS/cmsis_os.o
 .debug_macro   0x00020706       0xd2 Middlewares/Third_Party/FreeRTOS/Source/CMSIS_RTOS/cmsis_os.o
 .debug_macro   0x000207d8      0x168 Middlewares/Third_Party/FreeRTOS/Source/CMSIS_RTOS/cmsis_os.o
 .debug_macro   0x00020940       0xe4 Middlewares/Third_Party/FreeRTOS/Source/CMSIS_RTOS/cmsis_os.o
 .debug_macro   0x00020a24       0x10 Middlewares/Third_Party/FreeRTOS/Source/CMSIS_RTOS/cmsis_os.o
 .debug_macro   0x00020a34       0x1f Middlewares/Third_Party/FreeRTOS/Source/CMSIS_RTOS/cmsis_os.o
 .debug_macro   0x00020a53      0x40f Middlewares/Third_Party/FreeRTOS/Source/CMSIS_RTOS/cmsis_os.o
 .debug_macro   0x00020e62       0xc0 Middlewares/Third_Party/FreeRTOS/Source/CMSIS_RTOS/cmsis_os.o
 .debug_macro   0x00020f22       0x8c Middlewares/Third_Party/FreeRTOS/Source/CMSIS_RTOS/cmsis_os.o
 .debug_macro   0x00020fae       0x91 Middlewares/Third_Party/FreeRTOS/Source/CMSIS_RTOS/cmsis_os.o
 .debug_macro   0x0002103f       0x94 Middlewares/Third_Party/FreeRTOS/Source/CMSIS_RTOS/cmsis_os.o
 .debug_macro   0x000210d3       0x63 Middlewares/Third_Party/FreeRTOS/Source/CMSIS_RTOS/cmsis_os.o
 .debug_macro   0x00021136       0x19 Middlewares/Third_Party/FreeRTOS/Source/CMSIS_RTOS/cmsis_os.o
 .debug_macro   0x0002114f       0xcf Middlewares/Third_Party/FreeRTOS/Source/CMSIS_RTOS/cmsis_os.o
 .debug_macro   0x0002121e       0x26 Middlewares/Third_Party/FreeRTOS/Source/CMSIS_RTOS/cmsis_os.o
 .debug_macro   0x00021244      0x18b Middlewares/Third_Party/FreeRTOS/Source/list.o
 .debug_macro   0x000213cf      0x207 Middlewares/Third_Party/FreeRTOS/Source/queue.o
 .debug_macro   0x000215d6       0x16 Middlewares/Third_Party/FreeRTOS/Source/queue.o
 .debug_macro   0x000215ec      0x26a Middlewares/Third_Party/FreeRTOS/Source/tasks.o
 .debug_macro   0x00021856       0x11 Middlewares/Third_Party/FreeRTOS/Source/tasks.o
 .debug_macro   0x00021867      0x1ad Middlewares/Third_Party/FreeRTOS/Source/portable/GCC/ARM_CM4F/port.o
 .debug_macro   0x00021a14      0x1b2 Middlewares/Third_Party/FreeRTOS/Source/portable/MemMang/heap_4.o
 .debug_macro   0x00021bc6      0x3d1 Src/main.o
 .debug_macro   0x00021f97       0xd8 Src/main.o
 .debug_macro   0x0002206f      0x319 Src/stm32f4xx_hal_msp.o
 .debug_macro   0x00022388      0x319 Src/stm32f4xx_hal_timebase_TIM.o
 .debug_macro   0x000226a1      0x3d7 Src/stm32f4xx_it.o
 .debug_macro   0x00022a78      0x31f Src/system_stm32f4xx.o

.debug_line     0x00000000     0xc19c
 .debug_line    0x00000000      0x98d Drivers/STM32F4xx_HAL_Driver/Src/stm32f4xx_hal.o
 .debug_line    0x0000098d      0xdae Drivers/STM32F4xx_HAL_Driver/Src/stm32f4xx_hal_can.o
 .debug_line    0x0000173b      0x9fa Drivers/STM32F4xx_HAL_Driver/Src/stm32f4xx_hal_cortex.o
 .debug_line    0x00002135      0x96e Drivers/STM32F4xx_HAL_Driver/Src/stm32f4xx_hal_gpio.o
 .debug_line    0x00002aa3      0xaf3 Drivers/STM32F4xx_HAL_Driver/Src/stm32f4xx_hal_rcc.o
 .debug_line    0x00003596     0x190f Drivers/STM32F4xx_HAL_Driver/Src/stm32f4xx_hal_tim.o
 .debug_line    0x00004ea5      0xd9a Drivers/STM32F4xx_HAL_Driver/Src/stm32f4xx_hal_tim_ex.o
 .debug_line    0x00005c3f      0xbde Middlewares/Third_Party/FreeRTOS/Source/CMSIS_RTOS/cmsis_os.o
 .debug_line    0x0000681d      0x58c Middlewares/Third_Party/FreeRTOS/Source/list.o
 .debug_line    0x00006da9      0xaa5 Middlewares/Third_Party/FreeRTOS/Source/queue.o
 .debug_line    0x0000784e      0xdf9 Middlewares/Third_Party/FreeRTOS/Source/tasks.o
 .debug_line    0x00008647      0x60d Middlewares/Third_Party/FreeRTOS/Source/portable/GCC/ARM_CM4F/port.o
 .debug_line    0x00008c54      0x63e Middlewares/Third_Party/FreeRTOS/Source/portable/MemMang/heap_4.o
 .debug_line    0x00009292      0xb21 Src/main.o
 .debug_line    0x00009db3      0x867 Src/stm32f4xx_hal_msp.o
 .debug_line    0x0000a61a      0x816 Src/stm32f4xx_hal_timebase_TIM.o
 .debug_line    0x0000ae30      0xadf Src/stm32f4xx_it.o
 .debug_line    0x0000b90f      0x80e Src/system_stm32f4xx.o
 .debug_line    0x0000c11d       0x7f startup/startup_stm32f407xx.o

.debug_str      0x00000000    0xcaa14
 .debug_str     0x00000000    0xc0385 Drivers/STM32F4xx_HAL_Driver/Src/stm32f4xx_hal.o
                              0xc0773 (size before relaxing)
 .debug_str     0x000c0385      0x52a Drivers/STM32F4xx_HAL_Driver/Src/stm32f4xx_hal_can.o
                              0xc00e1 (size before relaxing)
 .debug_str     0x000c08af      0x39e Drivers/STM32F4xx_HAL_Driver/Src/stm32f4xx_hal_cortex.o
                              0xc0539 (size before relaxing)
 .debug_str     0x000c0c4d      0x292 Drivers/STM32F4xx_HAL_Driver/Src/stm32f4xx_hal_gpio.o
                              0xbfec7 (size before relaxing)
 .debug_str     0x000c0edf      0x380 Drivers/STM32F4xx_HAL_Driver/Src/stm32f4xx_hal_rcc.o
                              0xc0098 (size before relaxing)
 .debug_str     0x000c125f     0x1085 Drivers/STM32F4xx_HAL_Driver/Src/stm32f4xx_hal_tim.o
                              0xc0ccf (size before relaxing)
 .debug_str     0x000c22e4      0x4f4 Drivers/STM32F4xx_HAL_Driver/Src/stm32f4xx_hal_tim_ex.o
                              0xc058f (size before relaxing)
 .debug_str     0x000c27d8     0x5d05 Middlewares/Third_Party/FreeRTOS/Source/CMSIS_RTOS/cmsis_os.o
                               0xc36a (size before relaxing)
 .debug_str     0x000c84dd      0x234 Middlewares/Third_Party/FreeRTOS/Source/list.o
                               0x9607 (size before relaxing)
 .debug_str     0x000c8711      0x6eb Middlewares/Third_Party/FreeRTOS/Source/queue.o
                               0xac3d (size before relaxing)
 .debug_str     0x000c8dfc      0xf16 Middlewares/Third_Party/FreeRTOS/Source/tasks.o
                               0xb68d (size before relaxing)
 .debug_str     0x000c9d12      0x77c Middlewares/Third_Party/FreeRTOS/Source/portable/GCC/ARM_CM4F/port.o
                               0x767f (size before relaxing)
 .debug_str     0x000ca48e      0x243 Middlewares/Third_Party/FreeRTOS/Source/portable/MemMang/heap_4.o
                               0x9d47 (size before relaxing)
 .debug_str     0x000ca6d1      0x11a Src/main.o
                              0xc6130 (size before relaxing)
 .debug_str     0x000ca7eb       0x25 Src/stm32f4xx_hal_msp.o
                              0xc08d2 (size before relaxing)
 .debug_str     0x000ca810       0x61 Src/stm32f4xx_hal_timebase_TIM.o
                              0xc0679 (size before relaxing)
 .debug_str     0x000ca871      0x149 Src/stm32f4xx_it.o
                              0xc556f (size before relaxing)
 .debug_str     0x000ca9ba       0x5a Src/system_stm32f4xx.o
                              0xbfc83 (size before relaxing)

.comment        0x00000000       0x7f
 .comment       0x00000000       0x7f Drivers/STM32F4xx_HAL_Driver/Src/stm32f4xx_hal.o
                                 0x80 (size before relaxing)
 .comment       0x0000007f       0x80 Drivers/STM32F4xx_HAL_Driver/Src/stm32f4xx_hal_can.o
 .comment       0x0000007f       0x80 Drivers/STM32F4xx_HAL_Driver/Src/stm32f4xx_hal_cortex.o
 .comment       0x0000007f       0x80 Drivers/STM32F4xx_HAL_Driver/Src/stm32f4xx_hal_gpio.o
 .comment       0x0000007f       0x80 Drivers/STM32F4xx_HAL_Driver/Src/stm32f4xx_hal_rcc.o
 .comment       0x0000007f       0x80 Drivers/STM32F4xx_HAL_Driver/Src/stm32f4xx_hal_tim.o
 .comment       0x0000007f       0x80 Drivers/STM32F4xx_HAL_Driver/Src/stm32f4xx_hal_tim_ex.o
 .comment       0x0000007f       0x80 Middlewares/Third_Party/FreeRTOS/Source/CMSIS_RTOS/cmsis_os.o
 .comment       0x0000007f       0x80 Middlewares/Third_Party/FreeRTOS/Source/list.o
 .comment       0x0000007f       0x80 Middlewares/Third_Party/FreeRTOS/Source/queue.o
 .comment       0x0000007f       0x80 Middlewares/Third_Party/FreeRTOS/Source/tasks.o
 .comment       0x0000007f       0x80 Middlewares/Third_Party/FreeRTOS/Source/portable/GCC/ARM_CM4F/port.o
 .comment       0x0000007f       0x80 Middlewares/Third_Party/FreeRTOS/Source/portable/MemMang/heap_4.o
 .comment       0x0000007f       0x80 Src/main.o
 .comment       0x0000007f       0x80 Src/stm32f4xx_hal_msp.o
 .comment       0x0000007f       0x80 Src/stm32f4xx_hal_timebase_TIM.o
 .comment       0x0000007f       0x80 Src/stm32f4xx_it.o
 .comment       0x0000007f       0x80 Src/system_stm32f4xx.o

.debug_frame    0x00000000     0x2878
 .debug_frame   0x00000000      0x198 Drivers/STM32F4xx_HAL_Driver/Src/stm32f4xx_hal.o
 .debug_frame   0x00000198      0x204 Drivers/STM32F4xx_HAL_Driver/Src/stm32f4xx_hal_can.o
 .debug_frame   0x0000039c      0x15c Drivers/STM32F4xx_HAL_Driver/Src/stm32f4xx_hal_cortex.o
 .debug_frame   0x000004f8       0xd0 Drivers/STM32F4xx_HAL_Driver/Src/stm32f4xx_hal_gpio.o
 .debug_frame   0x000005c8      0x13c Drivers/STM32F4xx_HAL_Driver/Src/stm32f4xx_hal_rcc.o
 .debug_frame   0x00000704      0x9e0 Drivers/STM32F4xx_HAL_Driver/Src/stm32f4xx_hal_tim.o
 .debug_frame   0x000010e4      0x384 Drivers/STM32F4xx_HAL_Driver/Src/stm32f4xx_hal_tim_ex.o
 .debug_frame   0x00001468      0x584 Middlewares/Third_Party/FreeRTOS/Source/CMSIS_RTOS/cmsis_os.o
 .debug_frame   0x000019ec       0x6c Middlewares/Third_Party/FreeRTOS/Source/list.o
 .debug_frame   0x00001a58      0x2b4 Middlewares/Third_Party/FreeRTOS/Source/queue.o
 .debug_frame   0x00001d0c      0x4e8 Middlewares/Third_Party/FreeRTOS/Source/tasks.o
 .debug_frame   0x000021f4       0xfc Middlewares/Third_Party/FreeRTOS/Source/portable/GCC/ARM_CM4F/port.o
 .debug_frame   0x000022f0       0xac Middlewares/Third_Party/FreeRTOS/Source/portable/MemMang/heap_4.o
 .debug_frame   0x0000239c      0x110 Src/main.o
 .debug_frame   0x000024ac       0xb4 Src/stm32f4xx_hal_msp.o
 .debug_frame   0x00002560       0x50 Src/stm32f4xx_hal_timebase_TIM.o
 .debug_frame   0x000025b0      0x148 Src/stm32f4xx_it.o
 .debug_frame   0x000026f8       0x30 Src/system_stm32f4xx.o
 .debug_frame   0x00002728       0xac c:/ac6/systemworkbench/plugins/fr.ac6.mcu.externaltools.arm-none.win32_1.15.0.201708311556/tools/compiler/bin/../lib/gcc/arm-none-eabi/6.3.1/thumb/v7e-m/fpv4-sp/hard\libgcc.a(_arm_addsubdf3.o)
 .debug_frame   0x000027d4       0x50 c:/ac6/systemworkbench/plugins/fr.ac6.mcu.externaltools.arm-none.win32_1.15.0.201708311556/tools/compiler/bin/../lib/gcc/arm-none-eabi/6.3.1/thumb/v7e-m/fpv4-sp/hard\libgcc.a(_arm_muldivdf3.o)
 .debug_frame   0x00002824       0x2c c:/ac6/systemworkbench/plugins/fr.ac6.mcu.externaltools.arm-none.win32_1.15.0.201708311556/tools/compiler/bin/../lib/gcc/arm-none-eabi/6.3.1/../../../../arm-none-eabi/lib/thumb/v7e-m/fpv4-sp/hard\libc_nano.a(lib_a-init.o)
 .debug_frame   0x00002850       0x28 c:/ac6/systemworkbench/plugins/fr.ac6.mcu.externaltools.arm-none.win32_1.15.0.201708311556/tools/compiler/bin/../lib/gcc/arm-none-eabi/6.3.1/../../../../arm-none-eabi/lib/thumb/v7e-m/fpv4-sp/hard\libc_nano.a(lib_a-memcpy-stub.o)
